[    0.000000] Initializing cgroup subsys cpuset
[    0.000000] Initializing cgroup subsys cpu
[    0.000000] Initializing cgroup subsys cpuacct
[    0.000000] Linux version 3.13.0-32-generic (buildd@kissel) (gcc version 4.8.2 (Ubuntu 4.8.2-19ubuntu1) ) #57-Ubuntu SMP Tue Jul 15 03:51:08 UTC 2014 (Ubuntu 3.13.0-32.57-generic 3.13.11.4)
[    0.000000] Command line: BOOT_IMAGE=/boot/vmlinuz-3.13.0-32-generic root=UUID=5dc50cad-b428-435b-a2c9-645464f65063 ro quiet splash vt.handoff=7
[    0.000000] KERNEL supported cpus:
[    0.000000]   Intel GenuineIntel
[    0.000000]   AMD AuthenticAMD
[    0.000000]   Centaur CentaurHauls
[    0.000000] e820: BIOS-provided physical RAM map:
[    0.000000] BIOS-e820: [mem 0x0000000000000000-0x000000000009d3ff] usable
[    0.000000] BIOS-e820: [mem 0x000000000009d400-0x000000000009ffff] reserved
[    0.000000] BIOS-e820: [mem 0x00000000000e0000-0x00000000000fffff] reserved
[    0.000000] BIOS-e820: [mem 0x0000000000100000-0x000000001fffffff] usable
[    0.000000] BIOS-e820: [mem 0x0000000020000000-0x00000000201fffff] reserved
[    0.000000] BIOS-e820: [mem 0x0000000020200000-0x0000000040003fff] usable
[    0.000000] BIOS-e820: [mem 0x0000000040004000-0x0000000040004fff] reserved
[    0.000000] BIOS-e820: [mem 0x0000000040005000-0x00000000d7f27fff] usable
[    0.000000] BIOS-e820: [mem 0x00000000d7f28000-0x00000000d897cfff] reserved
[    0.000000] BIOS-e820: [mem 0x00000000d897d000-0x00000000d898dfff] ACPI data
[    0.000000] BIOS-e820: [mem 0x00000000d898e000-0x00000000d9817fff] ACPI NVS
[    0.000000] BIOS-e820: [mem 0x00000000d9818000-0x00000000da1e2fff] reserved
[    0.000000] BIOS-e820: [mem 0x00000000da1e3000-0x00000000da1e3fff] usable
[    0.000000] BIOS-e820: [mem 0x00000000da1e4000-0x00000000da226fff] ACPI NVS
[    0.000000] BIOS-e820: [mem 0x00000000da227000-0x00000000da9d5fff] usable
[    0.000000] BIOS-e820: [mem 0x00000000da9d6000-0x00000000daff1fff] reserved
[    0.000000] BIOS-e820: [mem 0x00000000daff2000-0x00000000daffffff] usable
[    0.000000] BIOS-e820: [mem 0x00000000db800000-0x00000000df9fffff] reserved
[    0.000000] BIOS-e820: [mem 0x00000000f8000000-0x00000000fbffffff] reserved
[    0.000000] BIOS-e820: [mem 0x00000000fec00000-0x00000000fec00fff] reserved
[    0.000000] BIOS-e820: [mem 0x00000000fed00000-0x00000000fed03fff] reserved
[    0.000000] BIOS-e820: [mem 0x00000000fed1c000-0x00000000fed1ffff] reserved
[    0.000000] BIOS-e820: [mem 0x00000000fee00000-0x00000000fee00fff] reserved
[    0.000000] BIOS-e820: [mem 0x00000000ff000000-0x00000000ffffffff] reserved
[    0.000000] BIOS-e820: [mem 0x0000000100000000-0x000000011f5fffff] usable
[    0.000000] NX (Execute Disable) protection: active
[    0.000000] SMBIOS 2.7 present.
[    0.000000] DMI: Dell Inc. Vostro 2420/0VCMX3, BIOS A10 09/09/2013
[    0.000000] e820: update [mem 0x00000000-0x00000fff] usable ==> reserved
[    0.000000] e820: remove [mem 0x000a0000-0x000fffff] usable
[    0.000000] No AGP bridge found
[    0.000000] e820: last_pfn = 0x11f600 max_arch_pfn = 0x400000000
[    0.000000] MTRR default type: uncachable
[    0.000000] MTRR fixed ranges enabled:
[    0.000000]   00000-9FFFF write-back
[    0.000000]   A0000-BFFFF uncachable
[    0.000000]   C0000-CFFFF write-protect
[    0.000000]   D0000-E7FFF uncachable
[    0.000000]   E8000-FFFFF write-protect
[    0.000000] MTRR variable ranges enabled:
[    0.000000]   0 base 000000000 mask F00000000 write-back
[    0.000000]   1 base 100000000 mask FE0000000 write-back
[    0.000000]   2 base 0E0000000 mask FE0000000 uncachable
[    0.000000]   3 base 0DC000000 mask FFC000000 uncachable
[    0.000000]   4 base 0DB800000 mask FFF800000 uncachable
[    0.000000]   5 base 11F800000 mask FFF800000 uncachable
[    0.000000]   6 base 11F600000 mask FFFE00000 uncachable
[    0.000000]   7 disabled
[    0.000000]   8 disabled
[    0.000000]   9 disabled
[    0.000000] x86 PAT enabled: cpu 0, old 0x7040600070406, new 0x7010600070106
[    0.000000] original variable MTRRs
[    0.000000] reg 0, base: 0GB, range: 4GB, type WB
[    0.000000] reg 1, base: 4GB, range: 512MB, type WB
[    0.000000] reg 2, base: 3584MB, range: 512MB, type UC
[    0.000000] reg 3, base: 3520MB, range: 64MB, type UC
[    0.000000] reg 4, base: 3512MB, range: 8MB, type UC
[    0.000000] reg 5, base: 4600MB, range: 8MB, type UC
[    0.000000] reg 6, base: 4598MB, range: 2MB, type UC
[    0.000000] total RAM covered: 4014M
[    0.000000] Found optimal setting for mtrr clean up
[    0.000000]  gran_size: 64K 	chunk_size: 128M 	num_reg: 8  	lose cover RAM: 0G
[    0.000000] New variable MTRRs
[    0.000000] reg 0, base: 0GB, range: 2GB, type WB
[    0.000000] reg 1, base: 2GB, range: 1GB, type WB
[    0.000000] reg 2, base: 3GB, range: 512MB, type WB
[    0.000000] reg 3, base: 3512MB, range: 8MB, type UC
[    0.000000] reg 4, base: 3520MB, range: 64MB, type UC
[    0.000000] reg 5, base: 4GB, range: 512MB, type WB
[    0.000000] reg 6, base: 4598MB, range: 2MB, type UC
[    0.000000] reg 7, base: 4600MB, range: 8MB, type UC
[    0.000000] e820: update [mem 0xdb800000-0xffffffff] usable ==> reserved
[    0.000000] e820: last_pfn = 0xdb000 max_arch_pfn = 0x400000000
[    0.000000] found SMP MP-table at [mem 0x000fda10-0x000fda1f] mapped at [ffff8800000fda10]
[    0.000000] Scanning 1 areas for low memory corruption
[    0.000000] Base memory trampoline at [ffff880000097000] 97000 size 24576
[    0.000000] init_memory_mapping: [mem 0x00000000-0x000fffff]
[    0.000000]  [mem 0x00000000-0x000fffff] page 4k
[    0.000000] BRK [0x01fdf000, 0x01fdffff] PGTABLE
[    0.000000] BRK [0x01fe0000, 0x01fe0fff] PGTABLE
[    0.000000] BRK [0x01fe1000, 0x01fe1fff] PGTABLE
[    0.000000] init_memory_mapping: [mem 0x11f400000-0x11f5fffff]
[    0.000000]  [mem 0x11f400000-0x11f5fffff] page 2M
[    0.000000] BRK [0x01fe2000, 0x01fe2fff] PGTABLE
[    0.000000] init_memory_mapping: [mem 0x11c000000-0x11f3fffff]
[    0.000000]  [mem 0x11c000000-0x11f3fffff] page 2M
[    0.000000] init_memory_mapping: [mem 0x100000000-0x11bffffff]
[    0.000000]  [mem 0x100000000-0x11bffffff] page 2M
[    0.000000] init_memory_mapping: [mem 0x00100000-0x1fffffff]
[    0.000000]  [mem 0x00100000-0x001fffff] page 4k
[    0.000000]  [mem 0x00200000-0x1fffffff] page 2M
[    0.000000] init_memory_mapping: [mem 0x20200000-0x40003fff]
[    0.000000]  [mem 0x20200000-0x3fffffff] page 2M
[    0.000000]  [mem 0x40000000-0x40003fff] page 4k
[    0.000000] BRK [0x01fe3000, 0x01fe3fff] PGTABLE
[    0.000000] BRK [0x01fe4000, 0x01fe4fff] PGTABLE
[    0.000000] init_memory_mapping: [mem 0x40005000-0xd7f27fff]
[    0.000000]  [mem 0x40005000-0x401fffff] page 4k
[    0.000000]  [mem 0x40200000-0xd7dfffff] page 2M
[    0.000000]  [mem 0xd7e00000-0xd7f27fff] page 4k
[    0.000000] init_memory_mapping: [mem 0xda1e3000-0xda1e3fff]
[    0.000000]  [mem 0xda1e3000-0xda1e3fff] page 4k
[    0.000000] init_memory_mapping: [mem 0xda227000-0xda9d5fff]
[    0.000000]  [mem 0xda227000-0xda3fffff] page 4k
[    0.000000]  [mem 0xda400000-0xda7fffff] page 2M
[    0.000000]  [mem 0xda800000-0xda9d5fff] page 4k
[    0.000000] init_memory_mapping: [mem 0xdaff2000-0xdaffffff]
[    0.000000]  [mem 0xdaff2000-0xdaffffff] page 4k
[    0.000000] RAMDISK: [mem 0x35b66000-0x36daafff]
[    0.000000] ACPI: RSDP 00000000000f0490 000024 (v02   DELL)
[    0.000000] ACPI: XSDT 00000000d8981078 00006C (v01 DELL    WN09    01072009 AMI  00010013)
[    0.000000] ACPI: FACP 00000000d898b4c8 00010C (v05   DELL     WN09 01072009 AMI  00010013)
[    0.000000] ACPI: DSDT 00000000d8981170 00A352 (v02   DELL     WN09 00000022 INTL 20051117)
[    0.000000] ACPI: FACS 00000000d9813080 000040
[    0.000000] ACPI: APIC 00000000d898b5d8 000072 (v03   DELL     WN09 01072009 AMI  00010013)
[    0.000000] ACPI: FPDT 00000000d898b650 000044 (v01   DELL     WN09 01072009 AMI  00010013)
[    0.000000] ACPI: MCFG 00000000d898b698 00003C (v01   DELL     WN09 01072009 MSFT 00000097)
[    0.000000] ACPI: SSDT 00000000d898b6d8 001068 (v01 TrmRef PtidDevc 00001000 INTL 20091112)
[    0.000000] ACPI: HPET 00000000d898c740 000038 (v01   DELL     WN09 01072009 AMI. 00000005)
[    0.000000] ACPI: SSDT 00000000d898c778 000315 (v01 SataRe SataTabl 00001000 INTL 20091112)
[    0.000000] ACPI: SSDT 00000000d898ca90 0008E4 (v01  PmRef  Cpu0Ist 00003000 INTL 20051117)
[    0.000000] ACPI: SSDT 00000000d898d378 000A92 (v01  PmRef    CpuPm 00003000 INTL 20051117)
[    0.000000] ACPI: Local APIC address 0xfee00000
[    0.000000] No NUMA configuration found
[    0.000000] Faking a node at [mem 0x0000000000000000-0x000000011f5fffff]
[    0.000000] Initmem setup node 0 [mem 0x00000000-0x11f5fffff]
[    0.000000]   NODE_DATA [mem 0x11f5f4000-0x11f5f8fff]
[    0.000000]  [ffffea0000000000-ffffea00047fffff] PMD -> [ffff88011ac00000-ffff88011ebfffff] on node 0
[    0.000000] Zone ranges:
[    0.000000]   DMA      [mem 0x00001000-0x00ffffff]
[    0.000000]   DMA32    [mem 0x01000000-0xffffffff]
[    0.000000]   Normal   [mem 0x100000000-0x11f5fffff]
[    0.000000] Movable zone start for each node
[    0.000000] Early memory node ranges
[    0.000000]   node   0: [mem 0x00001000-0x0009cfff]
[    0.000000]   node   0: [mem 0x00100000-0x1fffffff]
[    0.000000]   node   0: [mem 0x20200000-0x40003fff]
[    0.000000]   node   0: [mem 0x40005000-0xd7f27fff]
[    0.000000]   node   0: [mem 0xda1e3000-0xda1e3fff]
[    0.000000]   node   0: [mem 0xda227000-0xda9d5fff]
[    0.000000]   node   0: [mem 0xdaff2000-0xdaffffff]
[    0.000000]   node   0: [mem 0x100000000-0x11f5fffff]
[    0.000000] On node 0 totalpages: 1014401
[    0.000000]   DMA zone: 64 pages used for memmap
[    0.000000]   DMA zone: 21 pages reserved
[    0.000000]   DMA zone: 3996 pages, LIFO batch:0
[    0.000000]   DMA32 zone: 13780 pages used for memmap
[    0.000000]   DMA32 zone: 881893 pages, LIFO batch:31
[    0.000000]   Normal zone: 2008 pages used for memmap
[    0.000000]   Normal zone: 128512 pages, LIFO batch:31
[    0.000000] ACPI: PM-Timer IO Port: 0x408
[    0.000000] ACPI: Local APIC address 0xfee00000
[    0.000000] ACPI: LAPIC (acpi_id[0x01] lapic_id[0x00] enabled)
[    0.000000] ACPI: LAPIC (acpi_id[0x02] lapic_id[0x02] enabled)
[    0.000000] ACPI: LAPIC (acpi_id[0x03] lapic_id[0x01] enabled)
[    0.000000] ACPI: LAPIC (acpi_id[0x04] lapic_id[0x03] enabled)
[    0.000000] ACPI: LAPIC_NMI (acpi_id[0xff] high edge lint[0x1])
[    0.000000] ACPI: IOAPIC (id[0x02] address[0xfec00000] gsi_base[0])
[    0.000000] IOAPIC[0]: apic_id 2, version 32, address 0xfec00000, GSI 0-23
[    0.000000] ACPI: INT_SRC_OVR (bus 0 bus_irq 0 global_irq 2 dfl dfl)
[    0.000000] ACPI: INT_SRC_OVR (bus 0 bus_irq 9 global_irq 9 high level)
[    0.000000] ACPI: IRQ0 used by override.
[    0.000000] ACPI: IRQ2 used by override.
[    0.000000] ACPI: IRQ9 used by override.
[    0.000000] Using ACPI (MADT) for SMP configuration information
[    0.000000] ACPI: HPET id: 0x8086a701 base: 0xfed00000
[    0.000000] smpboot: Allowing 4 CPUs, 0 hotplug CPUs
[    0.000000] nr_irqs_gsi: 40
[    0.000000] PM: Registered nosave memory: [mem 0x0009d000-0x0009dfff]
[    0.000000] PM: Registered nosave memory: [mem 0x0009e000-0x0009ffff]
[    0.000000] PM: Registered nosave memory: [mem 0x000a0000-0x000dffff]
[    0.000000] PM: Registered nosave memory: [mem 0x000e0000-0x000fffff]
[    0.000000] PM: Registered nosave memory: [mem 0x20000000-0x201fffff]
[    0.000000] PM: Registered nosave memory: [mem 0x40004000-0x40004fff]
[    0.000000] PM: Registered nosave memory: [mem 0xd7f28000-0xd897cfff]
[    0.000000] PM: Registered nosave memory: [mem 0xd897d000-0xd898dfff]
[    0.000000] PM: Registered nosave memory: [mem 0xd898e000-0xd9817fff]
[    0.000000] PM: Registered nosave memory: [mem 0xd9818000-0xda1e2fff]
[    0.000000] PM: Registered nosave memory: [mem 0xda1e4000-0xda226fff]
[    0.000000] PM: Registered nosave memory: [mem 0xda9d6000-0xdaff1fff]
[    0.000000] PM: Registered nosave memory: [mem 0xdb000000-0xdb7fffff]
[    0.000000] PM: Registered nosave memory: [mem 0xdb800000-0xdf9fffff]
[    0.000000] PM: Registered nosave memory: [mem 0xdfa00000-0xf7ffffff]
[    0.000000] PM: Registered nosave memory: [mem 0xf8000000-0xfbffffff]
[    0.000000] PM: Registered nosave memory: [mem 0xfc000000-0xfebfffff]
[    0.000000] PM: Registered nosave memory: [mem 0xfec00000-0xfec00fff]
[    0.000000] PM: Registered nosave memory: [mem 0xfec01000-0xfecfffff]
[    0.000000] PM: Registered nosave memory: [mem 0xfed00000-0xfed03fff]
[    0.000000] PM: Registered nosave memory: [mem 0xfed04000-0xfed1bfff]
[    0.000000] PM: Registered nosave memory: [mem 0xfed1c000-0xfed1ffff]
[    0.000000] PM: Registered nosave memory: [mem 0xfed20000-0xfedfffff]
[    0.000000] PM: Registered nosave memory: [mem 0xfee00000-0xfee00fff]
[    0.000000] PM: Registered nosave memory: [mem 0xfee01000-0xfeffffff]
[    0.000000] PM: Registered nosave memory: [mem 0xff000000-0xffffffff]
[    0.000000] e820: [mem 0xdfa00000-0xf7ffffff] available for PCI devices
[    0.000000] Booting paravirtualized kernel on bare hardware
[    0.000000] setup_percpu: NR_CPUS:256 nr_cpumask_bits:256 nr_cpu_ids:4 nr_node_ids:1
[    0.000000] PERCPU: Embedded 29 pages/cpu @ffff88011f200000 s86336 r8192 d24256 u524288
[    0.000000] pcpu-alloc: s86336 r8192 d24256 u524288 alloc=1*2097152
[    0.000000] pcpu-alloc: [0] 0 1 2 3 
[    0.000000] Built 1 zonelists in Node order, mobility grouping on.  Total pages: 998528
[    0.000000] Policy zone: Normal
[    0.000000] Kernel command line: BOOT_IMAGE=/boot/vmlinuz-3.13.0-32-generic root=UUID=5dc50cad-b428-435b-a2c9-645464f65063 ro quiet splash vt.handoff=7
[    0.000000] PID hash table entries: 4096 (order: 3, 32768 bytes)
[    0.000000] xsave: enabled xstate_bv 0x7, cntxt size 0x340
[    0.000000] Checking aperture...
[    0.000000] No AGP bridge found
[    0.000000] Calgary: detecting Calgary via BIOS EBDA area
[    0.000000] Calgary: Unable to locate Rio Grande table in EBDA - bailing!
[    0.000000] Memory: 3890184K/4057604K available (7363K kernel code, 1142K rwdata, 3400K rodata, 1336K init, 1440K bss, 167420K reserved)
[    0.000000] SLUB: HWalign=64, Order=0-3, MinObjects=0, CPUs=4, Nodes=1
[    0.000000] Hierarchical RCU implementation.
[    0.000000] 	RCU dyntick-idle grace-period acceleration is enabled.
[    0.000000] 	RCU restricting CPUs from NR_CPUS=256 to nr_cpu_ids=4.
[    0.000000] 	Offload RCU callbacks from all CPUs
[    0.000000] 	Offload RCU callbacks from CPUs: 0-3.
[    0.000000] NR_IRQS:16640 nr_irqs:712 16
[    0.000000] Console: colour dummy device 80x25
[    0.000000] console [tty0] enabled
[    0.000000] allocated 16777216 bytes of page_cgroup
[    0.000000] please try 'cgroup_disable=memory' option if you don't want memory cgroups
[    0.000000] hpet clockevent registered
[    0.000000] tsc: Fast TSC calibration using PIT
[    0.004000] tsc: Detected 2394.517 MHz processor
[    0.000002] Calibrating delay loop (skipped), value calculated using timer frequency.. 4789.03 BogoMIPS (lpj=9578068)
[    0.000005] pid_max: default: 32768 minimum: 301
[    0.000025] Security Framework initialized
[    0.000042] AppArmor: AppArmor initialized
[    0.000043] Yama: becoming mindful.
[    0.000341] Dentry cache hash table entries: 524288 (order: 10, 4194304 bytes)
[    0.001404] Inode-cache hash table entries: 262144 (order: 9, 2097152 bytes)
[    0.001872] Mount-cache hash table entries: 8192 (order: 4, 65536 bytes)
[    0.001878] Mountpoint-cache hash table entries: 8192 (order: 4, 65536 bytes)
[    0.002072] Initializing cgroup subsys memory
[    0.002078] Initializing cgroup subsys devices
[    0.002079] Initializing cgroup subsys freezer
[    0.002081] Initializing cgroup subsys blkio
[    0.002082] Initializing cgroup subsys perf_event
[    0.002085] Initializing cgroup subsys hugetlb
[    0.002106] CPU: Physical Processor ID: 0
[    0.002107] CPU: Processor Core ID: 0
[    0.002112] ENERGY_PERF_BIAS: Set to 'normal', was 'performance'
[    0.002112] ENERGY_PERF_BIAS: View and update with x86_energy_perf_policy(8)
[    0.002115] mce: CPU supports 7 MCE banks
[    0.002126] CPU0: Thermal monitoring enabled (TM1)
[    0.002136] Last level iTLB entries: 4KB 512, 2MB 0, 4MB 0
[    0.002136] Last level dTLB entries: 4KB 512, 2MB 32, 4MB 32
[    0.002136] tlb_flushall_shift: 2
[    0.002256] Freeing SMP alternatives memory: 32K (ffffffff81e6d000 - ffffffff81e75000)
[    0.003408] ACPI: Core revision 20131115
[    0.008559] ACPI: All ACPI Tables successfully acquired
[    0.014619] ftrace: allocating 28495 entries in 112 pages
[    0.028499] ..TIMER: vector=0x30 apic1=0 pin1=2 apic2=-1 pin2=-1
[    0.068217] smpboot: CPU0: Intel(R) Core(TM) i3-3110M CPU @ 2.40GHz (fam: 06, model: 3a, stepping: 09)
[    0.068224] TSC deadline timer enabled
[    0.068233] Performance Events: PEBS fmt1+, 16-deep LBR, IvyBridge events, full-width counters, Intel PMU driver.
[    0.068240] ... version:                3
[    0.068241] ... bit width:              48
[    0.068241] ... generic registers:      4
[    0.068242] ... value mask:             0000ffffffffffff
[    0.068243] ... max period:             0000ffffffffffff
[    0.068244] ... fixed-purpose events:   3
[    0.068245] ... event mask:             000000070000000f
[    0.069769] x86: Booting SMP configuration:
[    0.082867] NMI watchdog: enabled on all CPUs, permanently consumes one hw-PMU counter.
[    0.069771] .... node  #0, CPUs:      #1 #2 #3
[    0.109352] x86: Booted up 1 node, 4 CPUs
[    0.109356] smpboot: Total of 4 processors activated (19156.13 BogoMIPS)
[    0.112707] devtmpfs: initialized
[    0.115008] EVM: security.selinux
[    0.115010] EVM: security.SMACK64
[    0.115010] EVM: security.ima
[    0.115011] EVM: security.capability
[    0.115055] PM: Registering ACPI NVS region [mem 0xd898e000-0xd9817fff] (15245312 bytes)
[    0.115235] PM: Registering ACPI NVS region [mem 0xda1e4000-0xda226fff] (274432 bytes)
[    0.115964] pinctrl core: initialized pinctrl subsystem
[    0.116013] regulator-dummy: no parameters
[    0.116042] RTC time:  4:30:11, date: 05/24/17
[    0.116071] NET: Registered protocol family 16
[    0.116157] cpuidle: using governor ladder
[    0.116158] cpuidle: using governor menu
[    0.116190] ACPI FADT declares the system doesn't support PCIe ASPM, so disable it
[    0.116191] ACPI: bus type PCI registered
[    0.116193] acpiphp: ACPI Hot Plug PCI Controller Driver version: 0.5
[    0.116236] PCI: MMCONFIG for domain 0000 [bus 00-3f] at [mem 0xf8000000-0xfbffffff] (base 0xf8000000)
[    0.116238] PCI: MMCONFIG at [mem 0xf8000000-0xfbffffff] reserved in E820
[    0.123501] PCI: Using configuration type 1 for base access
[    0.124268] bio: create slab <bio-0> at 0
[    0.124414] ACPI: Added _OSI(Module Device)
[    0.124416] ACPI: Added _OSI(Processor Device)
[    0.124417] ACPI: Added _OSI(3.0 _SCP Extensions)
[    0.124418] ACPI: Added _OSI(Processor Aggregator Device)
[    0.126873] ACPI: Executed 1 blocks of module-level executable AML code
[    0.130502] [Firmware Bug]: ACPI: BIOS _OSI(Linux) query ignored
[    0.134733] ACPI: SSDT 00000000d892a018 00080E (v01  PmRef  Cpu0Cst 00003001 INTL 20051117)
[    0.135032] ACPI: Dynamic OEM Table Load:
[    0.135034] ACPI: SSDT           (null) 00080E (v01  PmRef  Cpu0Cst 00003001 INTL 20051117)
[    0.138613] ACPI: SSDT 00000000d892ba98 000303 (v01  PmRef    ApIst 00003000 INTL 20051117)
[    0.138935] ACPI: Dynamic OEM Table Load:
[    0.138936] ACPI: SSDT           (null) 000303 (v01  PmRef    ApIst 00003000 INTL 20051117)
[    0.142488] ACPI: SSDT 00000000d892cc18 000119 (v01  PmRef    ApCst 00003000 INTL 20051117)
[    0.142780] ACPI: Dynamic OEM Table Load:
[    0.142781] ACPI: SSDT           (null) 000119 (v01  PmRef    ApCst 00003000 INTL 20051117)
[    0.146886] ACPI: Interpreter enabled
[    0.146891] ACPI Exception: AE_NOT_FOUND, While evaluating Sleep State [\_S1_] (20131115/hwxface-580)
[    0.146896] ACPI Exception: AE_NOT_FOUND, While evaluating Sleep State [\_S2_] (20131115/hwxface-580)
[    0.146908] ACPI: (supports S0 S3 S4 S5)
[    0.146910] ACPI: Using IOAPIC for interrupt routing
[    0.146934] PCI: Using host bridge windows from ACPI; if necessary, use "pci=nocrs" and report a bug
[    0.147063] ACPI: No dock devices found.
[    0.156427] ACPI: PCI Root Bridge [PCI0] (domain 0000 [bus 00-3e])
[    0.156432] acpi PNP0A08:00: _OSC: OS supports [ExtendedConfig ASPM ClockPM Segments MSI]
[    0.156593] acpi PNP0A08:00: _OSC: platform does not support [PME]
[    0.156723] acpi PNP0A08:00: _OSC: OS now controls [PCIeHotplug AER PCIeCapability]
[    0.157260] PCI host bridge to bus 0000:00
[    0.157263] pci_bus 0000:00: root bus resource [bus 00-3e]
[    0.157265] pci_bus 0000:00: root bus resource [io  0x0000-0x0cf7]
[    0.157267] pci_bus 0000:00: root bus resource [io  0x0d00-0xffff]
[    0.157268] pci_bus 0000:00: root bus resource [mem 0x000a0000-0x000bffff]
[    0.157270] pci_bus 0000:00: root bus resource [mem 0x000d0000-0x000d3fff]
[    0.157271] pci_bus 0000:00: root bus resource [mem 0x000d4000-0x000d7fff]
[    0.157273] pci_bus 0000:00: root bus resource [mem 0x000d8000-0x000dbfff]
[    0.157274] pci_bus 0000:00: root bus resource [mem 0x000dc000-0x000dffff]
[    0.157276] pci_bus 0000:00: root bus resource [mem 0x000e0000-0x000e3fff]
[    0.157277] pci_bus 0000:00: root bus resource [mem 0x000e4000-0x000e7fff]
[    0.157278] pci_bus 0000:00: root bus resource [mem 0xdfa00000-0xfeafffff]
[    0.157286] pci 0000:00:00.0: [8086:0154] type 00 class 0x060000
[    0.157367] pci 0000:00:02.0: [8086:0166] type 00 class 0x030000
[    0.157377] pci 0000:00:02.0: reg 0x10: [mem 0xf7800000-0xf7bfffff 64bit]
[    0.157383] pci 0000:00:02.0: reg 0x18: [mem 0xe0000000-0xefffffff 64bit pref]
[    0.157387] pci 0000:00:02.0: reg 0x20: [io  0xf000-0xf03f]
[    0.157489] pci 0000:00:16.0: [8086:1e3a] type 00 class 0x078000
[    0.157511] pci 0000:00:16.0: reg 0x10: [mem 0xf7d0a000-0xf7d0a00f 64bit]
[    0.157587] pci 0000:00:16.0: PME# supported from D0 D3hot D3cold
[    0.157668] pci 0000:00:1a.0: [8086:1e2d] type 00 class 0x0c0320
[    0.157688] pci 0000:00:1a.0: reg 0x10: [mem 0xf7d08000-0xf7d083ff]
[    0.157777] pci 0000:00:1a.0: PME# supported from D0 D3hot D3cold
[    0.157827] pci 0000:00:1a.0: System wakeup disabled by ACPI
[    0.157856] pci 0000:00:1b.0: [8086:1e20] type 00 class 0x040300
[    0.157871] pci 0000:00:1b.0: reg 0x10: [mem 0xf7d00000-0xf7d03fff 64bit]
[    0.157938] pci 0000:00:1b.0: PME# supported from D0 D3hot D3cold
[    0.157983] pci 0000:00:1b.0: System wakeup disabled by ACPI
[    0.158013] pci 0000:00:1c.0: [8086:1e10] type 01 class 0x060400
[    0.158140] pci 0000:00:1c.0: PME# supported from D0 D3hot D3cold
[    0.158196] pci 0000:00:1c.0: System wakeup disabled by ACPI
[    0.158229] pci 0000:00:1c.3: [8086:1e16] type 01 class 0x060400
[    0.158358] pci 0000:00:1c.3: PME# supported from D0 D3hot D3cold
[    0.158414] pci 0000:00:1c.3: System wakeup disabled by ACPI
[    0.158439] pci 0000:00:1c.5: [8086:1e1a] type 01 class 0x060400
[    0.158517] pci 0000:00:1c.5: PME# supported from D0 D3hot D3cold
[    0.158567] pci 0000:00:1c.5: System wakeup disabled by ACPI
[    0.158599] pci 0000:00:1d.0: [8086:1e26] type 00 class 0x0c0320
[    0.158619] pci 0000:00:1d.0: reg 0x10: [mem 0xf7d07000-0xf7d073ff]
[    0.158709] pci 0000:00:1d.0: PME# supported from D0 D3hot D3cold
[    0.158757] pci 0000:00:1d.0: System wakeup disabled by ACPI
[    0.158786] pci 0000:00:1f.0: [8086:1e5d] type 00 class 0x060100
[    0.158951] pci 0000:00:1f.2: [8086:1e03] type 00 class 0x010601
[    0.158968] pci 0000:00:1f.2: reg 0x10: [io  0xf0b0-0xf0b7]
[    0.158976] pci 0000:00:1f.2: reg 0x14: [io  0xf0a0-0xf0a3]
[    0.158983] pci 0000:00:1f.2: reg 0x18: [io  0xf090-0xf097]
[    0.158990] pci 0000:00:1f.2: reg 0x1c: [io  0xf080-0xf083]
[    0.158998] pci 0000:00:1f.2: reg 0x20: [io  0xf060-0xf07f]
[    0.159005] pci 0000:00:1f.2: reg 0x24: [mem 0xf7d06000-0xf7d067ff]
[    0.159049] pci 0000:00:1f.2: PME# supported from D3hot
[    0.159110] pci 0000:00:1f.3: [8086:1e22] type 00 class 0x0c0500
[    0.159124] pci 0000:00:1f.3: reg 0x10: [mem 0xf7d05000-0xf7d050ff 64bit]
[    0.159145] pci 0000:00:1f.3: reg 0x20: [io  0xf040-0xf05f]
[    0.159295] pci 0000:00:1c.0: PCI bridge to [bus 04]
[    0.159434] pci 0000:07:00.0: [14e4:4365] type 00 class 0x028000
[    0.159462] pci 0000:07:00.0: reg 0x10: [mem 0xf7c00000-0xf7c07fff 64bit]
[    0.159610] pci 0000:07:00.0: supports D1 D2
[    0.159612] pci 0000:07:00.0: PME# supported from D0 D3hot D3cold
[    0.159648] pci 0000:07:00.0: System wakeup disabled by ACPI
[    0.169492] pci 0000:00:1c.3: PCI bridge to [bus 07]
[    0.169510] pci 0000:00:1c.3:   bridge window [mem 0xf7c00000-0xf7cfffff]
[    0.169594] pci 0000:09:00.0: [10ec:8168] type 00 class 0x020000
[    0.169614] pci 0000:09:00.0: reg 0x10: [io  0xe000-0xe0ff]
[    0.169648] pci 0000:09:00.0: reg 0x18: [mem 0xf0004000-0xf0004fff 64bit pref]
[    0.169669] pci 0000:09:00.0: reg 0x20: [mem 0xf0000000-0xf0003fff 64bit pref]
[    0.169761] pci 0000:09:00.0: supports D1 D2
[    0.169763] pci 0000:09:00.0: PME# supported from D0 D1 D2 D3hot D3cold
[    0.169801] pci 0000:09:00.0: System wakeup disabled by ACPI
[    0.177480] pci 0000:00:1c.5: PCI bridge to [bus 09]
[    0.177486] pci 0000:00:1c.5:   bridge window [io  0xe000-0xefff]
[    0.177497] pci 0000:00:1c.5:   bridge window [mem 0xf0000000-0xf00fffff 64bit pref]
[    0.177554] acpi PNP0A08:00: Disabling ASPM (FADT indicates it is unsupported)
[    0.177886] ACPI: PCI Interrupt Link [LNKA] (IRQs 3 4 5 6 10 *11 12 14 15)
[    0.177933] ACPI: PCI Interrupt Link [LNKB] (IRQs *3 4 5 6 10 11 12 14 15)
[    0.177978] ACPI: PCI Interrupt Link [LNKC] (IRQs 3 4 5 6 10 *11 12 14 15)
[    0.178021] ACPI: PCI Interrupt Link [LNKD] (IRQs 3 4 5 6 *10 11 12 14 15)
[    0.178064] ACPI: PCI Interrupt Link [LNKE] (IRQs 3 4 5 6 10 11 12 14 15) *0, disabled.
[    0.178106] ACPI: PCI Interrupt Link [LNKF] (IRQs 3 4 5 6 10 11 12 14 15) *0, disabled.
[    0.178149] ACPI: PCI Interrupt Link [LNKG] (IRQs 3 4 *5 6 10 11 12 14 15)
[    0.178191] ACPI: PCI Interrupt Link [LNKH] (IRQs 3 *4 5 6 10 11 12 14 15)
[    0.178423] ACPI: Enabled 4 GPEs in block 00 to 3F
[    0.178429] ACPI: \_SB_.PCI0: notify handler is installed
[    0.178475] Found 1 acpi root devices
[    0.178561] vgaarb: device added: PCI:0000:00:02.0,decodes=io+mem,owns=io+mem,locks=none
[    0.178563] vgaarb: loaded
[    0.178564] vgaarb: bridge control possible 0000:00:02.0
[    0.178700] SCSI subsystem initialized
[    0.178751] libata version 3.00 loaded.
[    0.178782] ACPI: bus type USB registered
[    0.178797] usbcore: registered new interface driver usbfs
[    0.178804] usbcore: registered new interface driver hub
[    0.178831] usbcore: registered new device driver usb
[    0.178925] PCI: Using ACPI for IRQ routing
[    0.180473] PCI: pci_cache_line_size set to 64 bytes
[    0.180513] e820: reserve RAM buffer [mem 0x0009d400-0x0009ffff]
[    0.180515] e820: reserve RAM buffer [mem 0x40004000-0x43ffffff]
[    0.180516] e820: reserve RAM buffer [mem 0xd7f28000-0xd7ffffff]
[    0.180517] e820: reserve RAM buffer [mem 0xda1e4000-0xdbffffff]
[    0.180519] e820: reserve RAM buffer [mem 0xda9d6000-0xdbffffff]
[    0.180520] e820: reserve RAM buffer [mem 0xdb000000-0xdbffffff]
[    0.180521] e820: reserve RAM buffer [mem 0x11f600000-0x11fffffff]
[    0.180594] NetLabel: Initializing
[    0.180595] NetLabel:  domain hash size = 128
[    0.180596] NetLabel:  protocols = UNLABELED CIPSOv4
[    0.180607] NetLabel:  unlabeled traffic allowed by default
[    0.180661] hpet0: at MMIO 0xfed00000, IRQs 2, 8, 0, 0, 0, 0, 0, 0
[    0.180666] hpet0: 8 comparators, 64-bit 14.318180 MHz counter
[    0.182697] Switched to clocksource hpet
[    0.186565] AppArmor: AppArmor Filesystem Enabled
[    0.186588] pnp: PnP ACPI init
[    0.186603] ACPI: bus type PNP registered
[    0.186642] pnp 00:00: [dma 4]
[    0.186665] pnp 00:00: Plug and Play ACPI device, IDs PNP0200 (active)
[    0.186683] pnp 00:01: Plug and Play ACPI device, IDs INT0800 (active)
[    0.186788] pnp 00:02: Plug and Play ACPI device, IDs PNP0103 (active)
[    0.186832] system 00:03: [io  0x0680-0x069f] has been reserved
[    0.186834] system 00:03: [io  0x1000-0x100f] has been reserved
[    0.186836] system 00:03: [io  0xffff] has been reserved
[    0.186837] system 00:03: [io  0xffff] has been reserved
[    0.186839] system 00:03: [io  0x0400-0x0453] could not be reserved
[    0.186841] system 00:03: [io  0x0458-0x047f] has been reserved
[    0.186842] system 00:03: [io  0x0500-0x057f] has been reserved
[    0.186844] system 00:03: [io  0x164e-0x164f] has been reserved
[    0.186846] system 00:03: Plug and Play ACPI device, IDs PNP0c02 (active)
[    0.186870] pnp 00:04: Plug and Play ACPI device, IDs PNP0b00 (active)
[    0.186909] system 00:05: [io  0x0454-0x0457] has been reserved
[    0.186911] system 00:05: Plug and Play ACPI device, IDs INT3f0d PNP0c02 (active)
[    0.186929] pnp 00:06: Plug and Play ACPI device, IDs PNP0c04 (active)
[    0.186961] system 00:07: [io  0x04d0-0x04d1] has been reserved
[    0.186965] system 00:07: [mem 0xfe800000-0xfe802fff] has been reserved
[    0.186967] system 00:07: Plug and Play ACPI device, IDs PNP0c02 (active)
[    0.186990] pnp 00:08: Plug and Play ACPI device, IDs DLL0556 SYN0600 SYN0002 PNP0f13 (active)
[    0.187023] pnp 00:09: Plug and Play ACPI device, IDs PNP0303 (active)
[    0.187198] system 00:0a: [mem 0xfed1c000-0xfed1ffff] has been reserved
[    0.187200] system 00:0a: [mem 0xfed10000-0xfed17fff] has been reserved
[    0.187202] system 00:0a: [mem 0xfed18000-0xfed18fff] has been reserved
[    0.187204] system 00:0a: [mem 0xfed19000-0xfed19fff] has been reserved
[    0.187206] system 00:0a: [mem 0xf8000000-0xfbffffff] has been reserved
[    0.187207] system 00:0a: [mem 0xfed20000-0xfed3ffff] has been reserved
[    0.187209] system 00:0a: [mem 0xfed90000-0xfed93fff] has been reserved
[    0.187211] system 00:0a: [mem 0xfed45000-0xfed8ffff] has been reserved
[    0.187212] system 00:0a: [mem 0xff000000-0xffffffff] has been reserved
[    0.187214] system 00:0a: [mem 0xfee00000-0xfeefffff] could not be reserved
[    0.187216] system 00:0a: [mem 0xdfa00000-0xdfa00fff] has been reserved
[    0.187218] system 00:0a: Plug and Play ACPI device, IDs PNP0c02 (active)
[    0.187360] system 00:0b: [mem 0x20000000-0x201fffff] has been reserved
[    0.187362] system 00:0b: [mem 0x40004000-0x40004fff] has been reserved
[    0.187364] system 00:0b: Plug and Play ACPI device, IDs PNP0c01 (active)
[    0.187400] pnp: PnP ACPI: found 12 devices
[    0.187401] ACPI: bus type PNP unregistered
[    0.193600] pci 0000:00:1c.0: PCI bridge to [bus 04]
[    0.193612] pci 0000:00:1c.3: PCI bridge to [bus 07]
[    0.193617] pci 0000:00:1c.3:   bridge window [mem 0xf7c00000-0xf7cfffff]
[    0.193625] pci 0000:00:1c.5: PCI bridge to [bus 09]
[    0.193627] pci 0000:00:1c.5:   bridge window [io  0xe000-0xefff]
[    0.193634] pci 0000:00:1c.5:   bridge window [mem 0xf0000000-0xf00fffff 64bit pref]
[    0.193640] pci_bus 0000:00: resource 4 [io  0x0000-0x0cf7]
[    0.193642] pci_bus 0000:00: resource 5 [io  0x0d00-0xffff]
[    0.193644] pci_bus 0000:00: resource 6 [mem 0x000a0000-0x000bffff]
[    0.193645] pci_bus 0000:00: resource 7 [mem 0x000d0000-0x000d3fff]
[    0.193647] pci_bus 0000:00: resource 8 [mem 0x000d4000-0x000d7fff]
[    0.193648] pci_bus 0000:00: resource 9 [mem 0x000d8000-0x000dbfff]
[    0.193650] pci_bus 0000:00: resource 10 [mem 0x000dc000-0x000dffff]
[    0.193651] pci_bus 0000:00: resource 11 [mem 0x000e0000-0x000e3fff]
[    0.193653] pci_bus 0000:00: resource 12 [mem 0x000e4000-0x000e7fff]
[    0.193654] pci_bus 0000:00: resource 13 [mem 0xdfa00000-0xfeafffff]
[    0.193656] pci_bus 0000:07: resource 1 [mem 0xf7c00000-0xf7cfffff]
[    0.193658] pci_bus 0000:09: resource 0 [io  0xe000-0xefff]
[    0.193659] pci_bus 0000:09: resource 2 [mem 0xf0000000-0xf00fffff 64bit pref]
[    0.193686] NET: Registered protocol family 2
[    0.193823] TCP established hash table entries: 32768 (order: 6, 262144 bytes)
[    0.193903] TCP bind hash table entries: 32768 (order: 7, 524288 bytes)
[    0.194002] TCP: Hash tables configured (established 32768 bind 32768)
[    0.194018] TCP: reno registered
[    0.194025] UDP hash table entries: 2048 (order: 4, 65536 bytes)
[    0.194044] UDP-Lite hash table entries: 2048 (order: 4, 65536 bytes)
[    0.194094] NET: Registered protocol family 1
[    0.194104] pci 0000:00:02.0: Boot video device
[    0.234851] PCI: CLS 64 bytes, default 64
[    0.234904] Trying to unpack rootfs image as initramfs...
[    0.519663] Freeing initrd memory: 18708K (ffff880035b66000 - ffff880036dab000)
[    0.519669] PCI-DMA: Using software bounce buffering for IO (SWIOTLB)
[    0.519671] software IO TLB [mem 0xd3f28000-0xd7f28000] (64MB) mapped at [ffff8800d3f28000-ffff8800d7f27fff]
[    0.519901] microcode: CPU0 sig=0x306a9, pf=0x10, revision=0x15
[    0.519906] microcode: CPU1 sig=0x306a9, pf=0x10, revision=0x15
[    0.519910] microcode: CPU2 sig=0x306a9, pf=0x10, revision=0x15
[    0.519916] microcode: CPU3 sig=0x306a9, pf=0x10, revision=0x15
[    0.519971] microcode: Microcode Update Driver: v2.00 <tigran@aivazian.fsnet.co.uk>, Peter Oruba
[    0.519972] Scanning for low memory corruption every 60 seconds
[    0.520196] Initialise system trusted keyring
[    0.520234] audit: initializing netlink socket (disabled)
[    0.520243] type=2000 audit(1495600211.516:1): initialized
[    0.546199] HugeTLB registered 2 MB page size, pre-allocated 0 pages
[    0.547082] zbud: loaded
[    0.547209] VFS: Disk quotas dquot_6.5.2
[    0.547240] Dquot-cache hash table entries: 512 (order 0, 4096 bytes)
[    0.547571] fuse init (API version 7.22)
[    0.547627] msgmni has been set to 7634
[    0.547668] Key type big_key registered
[    0.548040] Key type asymmetric registered
[    0.548042] Asymmetric key parser 'x509' registered
[    0.548064] Block layer SCSI generic (bsg) driver version 0.4 loaded (major 252)
[    0.548098] io scheduler noop registered
[    0.548099] io scheduler deadline registered (default)
[    0.548117] io scheduler cfq registered
[    0.548521] pci_hotplug: PCI Hot Plug PCI Core version: 0.5
[    0.548532] pciehp: PCI Express Hot Plug Controller Driver version: 0.4
[    0.548566] vesafb: mode is 1366x768x32, linelength=5504, pages=0
[    0.548567] vesafb: scrolling: redraw
[    0.548568] vesafb: Truecolor: size=8:8:8:8, shift=24:16:8:0
[    0.549072] vesafb: framebuffer at 0xe0000000, mapped to 0xffffc90004780000, using 4160k, total 4160k
[    0.618586] Console: switching to colour frame buffer device 170x48
[    0.687858] fb0: VESA VGA frame buffer device
[    0.687871] intel_idle: MWAIT substates: 0x21120
[    0.687873] intel_idle: v0.4 model 0x3A
[    0.687874] intel_idle: lapic_timer_reliable_states 0xffffffff
[    0.687956] ipmi message handler version 39.2
[    0.688034] ACPI: AC Adapter [AC] (on-line)
[    0.688135] input: Lid Switch as /devices/LNXSYSTM:00/device:00/PNP0C0D:00/input/input0
[    0.689758] ACPI: Lid Switch [LID0]
[    0.689785] input: Power Button as /devices/LNXSYSTM:00/device:00/PNP0C0C:00/input/input1
[    0.689789] ACPI: Power Button [PWRB]
[    0.689811] input: Sleep Button as /devices/LNXSYSTM:00/device:00/PNP0C0E:00/input/input2
[    0.689813] ACPI: Sleep Button [SBTN]
[    0.689836] input: Power Button as /devices/LNXSYSTM:00/LNXPWRBN:00/input/input3
[    0.689838] ACPI: Power Button [PWRF]
[    0.702320] thermal LNXTHERM:00: registered as thermal_zone0
[    0.702322] ACPI: Thermal Zone [THM] (38 C)
[    0.702345] GHES: HEST is not enabled!
[    0.702431] Serial: 8250/16550 driver, 32 ports, IRQ sharing enabled
[    0.707303] Linux agpgart interface v0.103
[    0.708304] brd: module loaded
[    0.708835] loop: module loaded
[    0.709094] libphy: Fixed MDIO Bus: probed
[    0.709157] tun: Universal TUN/TAP device driver, 1.6
[    0.709158] tun: (C) 1999-2004 Max Krasnyansky <maxk@qualcomm.com>
[    0.709193] PPP generic driver version 2.4.2
[    0.709229] ehci_hcd: USB 2.0 'Enhanced' Host Controller (EHCI) Driver
[    0.709232] ehci-pci: EHCI PCI platform driver
[    0.709330] ehci-pci 0000:00:1a.0: EHCI Host Controller
[    0.709335] ehci-pci 0000:00:1a.0: new USB bus registered, assigned bus number 1
[    0.709348] ehci-pci 0000:00:1a.0: debug port 2
[    0.713263] ehci-pci 0000:00:1a.0: cache line size of 64 is not supported
[    0.713282] ehci-pci 0000:00:1a.0: irq 16, io mem 0xf7d08000
[    0.723165] ehci-pci 0000:00:1a.0: USB 2.0 started, EHCI 1.00
[    0.723202] usb usb1: New USB device found, idVendor=1d6b, idProduct=0002
[    0.723203] usb usb1: New USB device strings: Mfr=3, Product=2, SerialNumber=1
[    0.723205] usb usb1: Product: EHCI Host Controller
[    0.723207] usb usb1: Manufacturer: Linux 3.13.0-32-generic ehci_hcd
[    0.723208] usb usb1: SerialNumber: 0000:00:1a.0
[    0.723767] hub 1-0:1.0: USB hub found
[    0.723774] hub 1-0:1.0: 2 ports detected
[    0.724007] ehci-pci 0000:00:1d.0: EHCI Host Controller
[    0.724011] ehci-pci 0000:00:1d.0: new USB bus registered, assigned bus number 2
[    0.724022] ehci-pci 0000:00:1d.0: debug port 2
[    0.727923] ehci-pci 0000:00:1d.0: cache line size of 64 is not supported
[    0.727940] ehci-pci 0000:00:1d.0: irq 23, io mem 0xf7d07000
[    0.731523] ACPI: Deprecated procfs I/F for battery is loaded, please retry with CONFIG_ACPI_PROCFS_POWER cleared
[    0.731530] ACPI: Battery Slot [BAT0] (battery present)
[    0.739182] ehci-pci 0000:00:1d.0: USB 2.0 started, EHCI 1.00
[    0.739243] usb usb2: New USB device found, idVendor=1d6b, idProduct=0002
[    0.739245] usb usb2: New USB device strings: Mfr=3, Product=2, SerialNumber=1
[    0.739246] usb usb2: Product: EHCI Host Controller
[    0.739248] usb usb2: Manufacturer: Linux 3.13.0-32-generic ehci_hcd
[    0.739249] usb usb2: SerialNumber: 0000:00:1d.0
[    0.739334] hub 2-0:1.0: USB hub found
[    0.739340] hub 2-0:1.0: 2 ports detected
[    0.739409] ehci-platform: EHCI generic platform driver
[    0.739415] ohci_hcd: USB 1.1 'Open' Host Controller (OHCI) Driver
[    0.739416] ohci-pci: OHCI PCI platform driver
[    0.739422] ohci-platform: OHCI generic platform driver
[    0.739427] uhci_hcd: USB Universal Host Controller Interface driver
[    0.739474] i8042: PNP: PS/2 Controller [PNP0303:PS2K,PNP0f13:PS2M] at 0x60,0x64 irq 1,12
[    0.742714] serio: i8042 KBD port at 0x60,0x64 irq 1
[    0.742718] serio: i8042 AUX port at 0x60,0x64 irq 12
[    0.742806] mousedev: PS/2 mouse device common for all mice
[    0.742956] rtc_cmos 00:04: RTC can wake from S4
[    0.743068] rtc_cmos 00:04: rtc core: registered rtc_cmos as rtc0
[    0.743093] rtc_cmos 00:04: alarms up to one month, y3k, 242 bytes nvram, hpet irqs
[    0.743142] device-mapper: uevent: version 1.0.3
[    0.743200] device-mapper: ioctl: 4.27.0-ioctl (2013-10-30) initialised: dm-devel@redhat.com
[    0.743205] ledtrig-cpu: registered to indicate activity on CPUs
[    0.743286] TCP: cubic registered
[    0.743351] NET: Registered protocol family 10
[    0.743487] NET: Registered protocol family 17
[    0.743495] Key type dns_resolver registered
[    0.743693] Loading compiled-in X.509 certificates
[    0.744521] Loaded X.509 cert 'Magrathea: Glacier signing key: 5e3c0f9ca6e36543535fa2bb5b709e84f16da7c7'
[    0.744530] registered taskstats version 1
[    0.746870] Key type trusted registered
[    0.749315] Key type encrypted registered
[    0.751371] AppArmor: AppArmor sha1 policy hashing enabled
[    0.751373] IMA: No TPM chip found, activating TPM-bypass!
[    0.751617] regulator-dummy: disabling
[    0.751688]   Magic number: 1:696:515
[    0.751780] rtc_cmos 00:04: setting system clock to 2017-05-24 04:30:11 UTC (1495600211)
[    0.752278] BIOS EDD facility v0.16 2004-Jun-25, 0 devices found
[    0.752279] EDD information not available.
[    0.752319] PM: Hibernation image not present or could not be loaded.
[    0.753140] Freeing unused kernel memory: 1336K (ffffffff81d1f000 - ffffffff81e6d000)
[    0.753141] Write protecting the kernel read-only data: 12288k
[    0.755101] Freeing unused kernel memory: 816K (ffff880001734000 - ffff880001800000)
[    0.756803] Freeing unused kernel memory: 696K (ffff880001b52000 - ffff880001c00000)
[    0.767971] input: AT Translated Set 2 keyboard as /devices/platform/i8042/serio0/input/input4
[    0.768573] systemd-udevd[113]: starting version 204
[    0.796922] ahci 0000:00:1f.2: version 3.0
[    0.797057] ahci 0000:00:1f.2: irq 40 for MSI/MSI-X
[    0.797230] r8169 Gigabit Ethernet driver 2.3LK-NAPI loaded
[    0.797240] r8169 0000:09:00.0: can't disable ASPM; OS doesn't have ASPM control
[    0.797484] r8169 0000:09:00.0: irq 41 for MSI/MSI-X
[    0.797711] r8169 0000:09:00.0 eth0: RTL8168evl/8111evl at 0xffffc9000064e000, e0:db:55:b0:77:99, XID 0c900800 IRQ 41
[    0.797715] r8169 0000:09:00.0 eth0: jumbo features [frames: 9200 bytes, tx checksumming: ko]
[    0.811268] ahci 0000:00:1f.2: AHCI 0001.0300 32 slots 6 ports 6 Gbps 0x11 impl SATA mode
[    0.811275] ahci 0000:00:1f.2: flags: 64bit ncq pm led clo pio slum part ems apst 
[    0.819787] scsi0 : ahci
[    0.819877] scsi1 : ahci
[    0.819932] scsi2 : ahci
[    0.819985] scsi3 : ahci
[    0.820062] scsi4 : ahci
[    0.820126] scsi5 : ahci
[    0.820169] ata1: SATA max UDMA/133 abar m2048@0xf7d06000 port 0xf7d06100 irq 40
[    0.820172] ata2: DUMMY
[    0.820173] ata3: DUMMY
[    0.820175] ata4: DUMMY
[    0.820177] ata5: SATA max UDMA/133 abar m2048@0xf7d06000 port 0xf7d06300 irq 40
[    0.820179] ata6: DUMMY
[    1.035525] usb 1-1: new high-speed USB device number 2 using ehci-pci
[    1.139584] ata5: SATA link up 1.5 Gbps (SStatus 113 SControl 300)
[    1.141590] ata5.00: ATAPI: HL-DT-ST DVD+-RW GT80N, A103, max UDMA/100
[    1.143595] ata1: SATA link up 6.0 Gbps (SStatus 133 SControl 300)
[    1.143631] ata5.00: configured for UDMA/100
[    1.158616] ata1.00: ACPI cmd ef/10:06:00:00:00:00 (SET FEATURES) succeeded
[    1.158622] ata1.00: ACPI cmd f5/00:00:00:00:00:00 (SECURITY FREEZE LOCK) filtered out
[    1.158624] ata1.00: ACPI cmd b1/c1:00:00:00:00:00 (DEVICE CONFIGURATION OVERLAY) filtered out
[    1.168004] usb 1-1: New USB device found, idVendor=8087, idProduct=0024
[    1.168011] usb 1-1: New USB device strings: Mfr=0, Product=0, SerialNumber=0
[    1.168290] hub 1-1:1.0: USB hub found
[    1.168347] hub 1-1:1.0: 6 ports detected
[    1.185151] ata1.00: ATA-8: ST500LT012-1DG142, 0001SDM1, max UDMA/133
[    1.185155] ata1.00: 976773168 sectors, multi 16: LBA48 NCQ (depth 31/32)
[    1.207392] ata1.00: ACPI cmd ef/10:06:00:00:00:00 (SET FEATURES) succeeded
[    1.207397] ata1.00: ACPI cmd f5/00:00:00:00:00:00 (SECURITY FREEZE LOCK) filtered out
[    1.207399] ata1.00: ACPI cmd b1/c1:00:00:00:00:00 (DEVICE CONFIGURATION OVERLAY) filtered out
[    1.233935] ata1.00: configured for UDMA/133
[    1.234159] scsi 0:0:0:0: Direct-Access     ATA      ST500LT012-1DG14 0001 PQ: 0 ANSI: 5
[    1.234402] sd 0:0:0:0: [sda] 976773168 512-byte logical blocks: (500 GB/465 GiB)
[    1.234409] sd 0:0:0:0: [sda] 4096-byte physical blocks
[    1.234449] sd 0:0:0:0: Attached scsi generic sg0 type 0
[    1.234549] sd 0:0:0:0: [sda] Write Protect is off
[    1.234552] sd 0:0:0:0: [sda] Mode Sense: 00 3a 00 00
[    1.234592] sd 0:0:0:0: [sda] Write cache: enabled, read cache: enabled, doesn't support DPO or FUA
[    1.235620] scsi 4:0:0:0: CD-ROM            HL-DT-ST DVD+-RW GT80N    A103 PQ: 0 ANSI: 5
[    1.239296] sr0: scsi3-mmc drive: 24x/24x writer dvd-ram cd/rw xa/form2 cdda tray
[    1.239300] cdrom: Uniform CD-ROM driver Revision: 3.20
[    1.239486] sr 4:0:0:0: Attached scsi CD-ROM sr0
[    1.239786] sr 4:0:0:0: Attached scsi generic sg1 type 5
[    1.279675] usb 2-1: new high-speed USB device number 2 using ehci-pci
[    1.291107]  sda: sda1 sda2 < sda5 sda6 >
[    1.291874] sd 0:0:0:0: [sda] Attached SCSI disk
[    1.412324] usb 2-1: New USB device found, idVendor=8087, idProduct=0024
[    1.412327] usb 2-1: New USB device strings: Mfr=0, Product=0, SerialNumber=0
[    1.412576] hub 2-1:1.0: USB hub found
[    1.412666] hub 2-1:1.0: 6 ports detected
[    1.484057] usb 1-1.4: new full-speed USB device number 3 using ehci-pci
[    1.519883] tsc: Refined TSC clocksource calibration: 2394.560 MHz
[    1.579198] usb 1-1.4: New USB device found, idVendor=0a5c, idProduct=21d7
[    1.579203] usb 1-1.4: New USB device strings: Mfr=1, Product=2, SerialNumber=3
[    1.579205] usb 1-1.4: Product: BCM43142A0
[    1.579206] usb 1-1.4: Manufacturer: Broadcom Corp
[    1.579208] usb 1-1.4: SerialNumber: F82FA8C8A5E8
[    1.652202] usb 1-1.5: new high-speed USB device number 4 using ehci-pci
[    1.726743] input: ALPS PS/2 Device as /devices/platform/i8042/serio1/input/input7
[    1.740279] input: AlpsPS/2 ALPS GlidePoint as /devices/platform/i8042/serio1/input/input6
[    1.820390] usb 1-1.5: New USB device found, idVendor=0c45, idProduct=6473
[    1.820394] usb 1-1.5: New USB device strings: Mfr=2, Product=1, SerialNumber=0
[    1.820397] usb 1-1.5: Product: Laptop_Integrated_Webcam_HD
[    1.820399] usb 1-1.5: Manufacturer: CN0PV166724873A3A6SVA02
[    1.896446] usb 2-1.6: new high-speed USB device number 3 using ehci-pci
[    2.046964] EXT4-fs (sda1): mounted filesystem with ordered data mode. Opts: (null)
[    2.248632] usb 2-1.6: New USB device found, idVendor=0bda, idProduct=0138
[    2.248639] usb 2-1.6: New USB device strings: Mfr=1, Product=2, SerialNumber=3
[    2.248642] usb 2-1.6: Product: USB2.0-CRW
[    2.248645] usb 2-1.6: Manufacturer: Generic
[    2.248648] usb 2-1.6: SerialNumber: 20090516388200000
[    2.520886] Switched to clocksource tsc
[    2.615590] random: nonblocking pool is initialized
[   10.812821] Adding 7999484k swap on /dev/sda6.  Priority:-1 extents:1 across:7999484k FS
[   10.895683] IPv6: ADDRCONF(NETDEV_UP): eth0: link is not ready
[   10.944157] systemd-udevd[302]: starting version 204
[   11.047640] lp: driver loaded but no devices found
[   11.052885] ppdev: user-space parallel port driver
[   11.123119] wmi: Mapper loaded
[   11.129629] mei_me 0000:00:16.0: irq 42 for MSI/MSI-X
[   11.131915] [drm] Initialized drm 1.1.0 20060810
[   11.157976] cfg80211: Calling CRDA to update world regulatory domain
[   11.163620] ACPI Warning: 0x0000000000000428-0x000000000000042f SystemIO conflicts with Region \PMIO 1 (20131115/utaddress-251)
[   11.163631] ACPI: If an ACPI driver is available for this device, you should use it instead of the native driver
[   11.163636] ACPI Warning: 0x0000000000000530-0x000000000000053f SystemIO conflicts with Region \GPIO 1 (20131115/utaddress-251)
[   11.163640] ACPI: If an ACPI driver is available for this device, you should use it instead of the native driver
[   11.163641] ACPI Warning: 0x0000000000000500-0x000000000000052f SystemIO conflicts with Region \GPIO 1 (20131115/utaddress-251)
[   11.163644] ACPI: If an ACPI driver is available for this device, you should use it instead of the native driver
[   11.163646] lpc_ich: Resource conflict(s) found affecting gpio_ich
[   11.166602] wl: module license 'MIXED/Proprietary' taints kernel.
[   11.166606] Disabling lock debugging due to kernel taint
[   11.173881] wl: module verification failed: signature and/or  required key missing - tainting kernel
[   11.194014] [drm] Memory usable by graphics device = 2048M
[   11.194020] checking generic (e0000000 410000) vs hw (e0000000 10000000)
[   11.194022] fb: conflicting fb hw usage inteldrmfb vs VESA VGA - removing generic driver
[   11.194041] Console: switching to colour dummy device 80x25
[   11.260182] i915 0000:00:02.0: irq 43 for MSI/MSI-X
[   11.260200] [drm] Supports vblank timestamp caching Rev 2 (21.10.2013).
[   11.260202] [drm] Driver supports precise vblank timestamp query.
[   11.260354] vgaarb: device changed decodes: PCI:0000:00:02.0,olddecodes=io+mem,decodes=io+mem:owns=io+mem
[   11.294396] dcdbas dcdbas: Dell Systems Management Base Driver (version 5.6.0-3.2)
[   11.306636] fbcon: inteldrmfb (fb0) is primary device
[   11.328219] wlan0: Broadcom BCM4365 802.11 Hybrid Wireless Controller 6.30.223.248 (r487574)
[   11.350163] input: Dell WMI hotkeys as /devices/virtual/input/input8
[   11.422911] cfg80211: World regulatory domain updated:
[   11.422912] cfg80211:   (start_freq - end_freq @ bandwidth), (max_antenna_gain, max_eirp)
[   11.422913] cfg80211:   (2402000 KHz - 2472000 KHz @ 40000 KHz), (300 mBi, 2000 mBm)
[   11.422914] cfg80211:   (2457000 KHz - 2482000 KHz @ 40000 KHz), (300 mBi, 2000 mBm)
[   11.422915] cfg80211:   (2474000 KHz - 2494000 KHz @ 20000 KHz), (300 mBi, 2000 mBm)
[   11.422915] cfg80211:   (5170000 KHz - 5250000 KHz @ 40000 KHz), (300 mBi, 2000 mBm)
[   11.422916] cfg80211:   (5735000 KHz - 5835000 KHz @ 40000 KHz), (300 mBi, 2000 mBm)
[   11.504651] Linux video capture interface: v2.00
[   11.509705] Bluetooth: Core ver 2.17
[   11.509743] NET: Registered protocol family 31
[   11.509744] Bluetooth: HCI device and connection manager initialized
[   11.509796] Bluetooth: HCI socket layer initialized
[   11.509798] Bluetooth: L2CAP socket layer initialized
[   11.509801] Bluetooth: SCO socket layer initialized
[   11.512234] usbcore: registered new interface driver usb-storage
[   11.514301] ums-realtek 2-1.6:1.0: USB Mass Storage device detected
[   11.516019] usbcore: registered new interface driver btusb
[   11.519215] uvcvideo: Found UVC 1.00 device Laptop_Integrated_Webcam_HD (0c45:6473)
[   11.533759] scsi6 : usb-storage 2-1.6:1.0
[   11.533840] usbcore: registered new interface driver ums-realtek
[   11.545214] input: Laptop_Integrated_Webcam_HD as /devices/pci0000:00/0000:00:1a.0/usb1/1-1/1-1.5/1-1.5:1.0/input/input9
[   11.545281] usbcore: registered new interface driver uvcvideo
[   11.545281] USB Video Class driver (1.1.1)
[   11.571822] usb 1-1.4: Direct firmware load failed with error -2
[   11.571824] usb 1-1.4: Falling back to user helper
[   11.572409] Bluetooth: can't load firmware, may not work correctly
[   11.746882] usb 2-1.6: USB disconnect, device number 3
[   12.241011] Console: switching to colour frame buffer device 170x48
[   12.243535] i915 0000:00:02.0: fb0: inteldrmfb frame buffer device
[   12.243537] i915 0000:00:02.0: registered panic notifier
[   12.251416] ACPI: Video Device [GFX0] (multi-head: yes  rom: no  post: no)
[   12.251826] acpi device:35: registered as cooling_device5
[   12.252611] input: Video Bus as /devices/LNXSYSTM:00/device:00/PNP0A08:00/LNXVIDEO:00/input/input10
[   12.254038] [drm] Initialized i915 1.6.0 20080730 for 0000:00:02.0 on minor 0
[   12.254559] snd_hda_intel 0000:00:1b.0: irq 44 for MSI/MSI-X
[   12.267968] autoconfig: line_outs=1 (0x5/0x0/0x0/0x0/0x0) type:speaker
[   12.267970]    speaker_outs=0 (0x0/0x0/0x0/0x0/0x0)
[   12.267971]    hp_outs=1 (0x4/0x0/0x0/0x0/0x0)
[   12.267971]    mono: mono_out=0x0
[   12.267972]    inputs:
[   12.267973]      Internal Mic=0x7
[   12.267974]      Mic=0x6
[   12.275160] input: HDA Intel PCH HDMI/DP,pcm=3 as /devices/pci0000:00/0000:00:1b.0/sound/card0/input13
[   12.275395] input: HDA Intel PCH Headphone as /devices/pci0000:00/0000:00:1b.0/sound/card0/input12
[   12.275545] input: HDA Intel PCH Mic as /devices/pci0000:00/0000:00:1b.0/sound/card0/input11
[   12.438045] type=1400 audit(1495600223.174:2): apparmor="STATUS" operation="profile_load" profile="unconfined" name="/sbin/dhclient" pid=496 comm="apparmor_parser"
[   12.438052] type=1400 audit(1495600223.174:3): apparmor="STATUS" operation="profile_load" profile="unconfined" name="/usr/lib/NetworkManager/nm-dhcp-client.action" pid=496 comm="apparmor_parser"
[   12.438056] type=1400 audit(1495600223.174:4): apparmor="STATUS" operation="profile_load" profile="unconfined" name="/usr/lib/connman/scripts/dhclient-script" pid=496 comm="apparmor_parser"
[   12.438475] type=1400 audit(1495600223.174:5): apparmor="STATUS" operation="profile_replace" profile="unconfined" name="/usr/lib/NetworkManager/nm-dhcp-client.action" pid=496 comm="apparmor_parser"
[   12.438480] type=1400 audit(1495600223.174:6): apparmor="STATUS" operation="profile_replace" profile="unconfined" name="/usr/lib/connman/scripts/dhclient-script" pid=496 comm="apparmor_parser"
[   12.438671] type=1400 audit(1495600223.174:7): apparmor="STATUS" operation="profile_replace" profile="unconfined" name="/sbin/dhclient" pid=497 comm="apparmor_parser"
[   12.438679] type=1400 audit(1495600223.174:8): apparmor="STATUS" operation="profile_replace" profile="unconfined" name="/usr/lib/NetworkManager/nm-dhcp-client.action" pid=497 comm="apparmor_parser"
[   12.438684] type=1400 audit(1495600223.174:9): apparmor="STATUS" operation="profile_replace" profile="unconfined" name="/usr/lib/connman/scripts/dhclient-script" pid=497 comm="apparmor_parser"
[   12.438692] type=1400 audit(1495600223.174:10): apparmor="STATUS" operation="profile_replace" profile="unconfined" name="/sbin/dhclient" pid=498 comm="apparmor_parser"
[   12.438699] type=1400 audit(1495600223.174:11): apparmor="STATUS" operation="profile_replace" profile="unconfined" name="/usr/lib/NetworkManager/nm-dhcp-client.action" pid=498 comm="apparmor_parser"
[   12.463429] ip_tables: (C) 2000-2006 Netfilter Core Team
[   12.473750] nf_conntrack version 0.5.0 (16384 buckets, 65536 max)
[   12.492006] ip6_tables: (C) 2000-2006 Netfilter Core Team
[   12.793812] [drm] Enabling RC6 states: RC6 on, RC6p on, RC6pp off
[   13.578100] Bluetooth: hci0 command 0x1003 tx timeout
[   14.033695] EXT4-fs (sda1): re-mounted. Opts: errors=remount-ro
[   14.413550] EXT4-fs (sda5): mounted filesystem with ordered data mode. Opts: (null)
[   15.573009] init: failsafe main process (758) killed by TERM signal
[   15.846471] Bluetooth: BNEP (Ethernet Emulation) ver 1.3
[   15.846475] Bluetooth: BNEP filters: protocol multicast
[   15.846486] Bluetooth: BNEP socket layer initialized
[   15.861308] Bluetooth: RFCOMM TTY layer initialized
[   15.861322] Bluetooth: RFCOMM socket layer initialized
[   15.861327] Bluetooth: RFCOMM ver 1.11
[   16.436792] init: cups main process (922) killed by HUP signal
[   16.436804] init: cups main process ended, respawning
